// Jest Snapshot v1, https://goo.gl/fbAQLP

exports[`RequestEmailVerification renders 1`] = `
<div>
  <div
    class="css-0"
  >
    <div
      class="css-1wiwcvy"
    >
      <div
        class="css-1ryq4o3"
      >
        <div
          class="css-1yjvs5a"
        >
          <p
            class="chakra-text css-odt1ir"
          >
            Resend email verification
          </p>
          <div
            class="css-164r41r"
          />
        </div>
        <form>
          <div
            class="chakra-form-control css-164r41r"
            role="group"
          >
            <label
              class="chakra-form__label css-uvho5g"
              for="email"
              id="field-1-label"
            >
              Email
            </label>
            <input
              aria-label="Email input"
              class="chakra-input css-0"
              id="email"
              name="email"
              placeholder="Enter your email"
              value=""
            />
          </div>
          <div
            class="chakra-stack css-nzla2i"
          >
            <button
              class="chakra-button css-a0tdue"
              type="submit"
            >
              Request email verification
            </button>
          </div>
        </form>
      </div>
    </div>
    <div
      class="css-l5skqa"
    >
      <div
        class="chakra-stack css-12ogrgp"
      >
        <a
          class="chakra-link css-epvm6"
          href="https://github.com/soul-project/login-portal"
          target="_blank"
        >
          Github
        </a>
        <a
          class="chakra-link css-epvm6"
          href="https://github.com/soul-project/soul"
          target="_blank"
        >
          Soul Network's Github
        </a>
        <a
          class="chakra-link css-epvm6"
          href="mailto:lws803@gmail.com"
          target="_blank"
        >
          Contact me
        </a>
      </div>
    </div>
  </div>
</div>
`;
