// Jest Snapshot v1, https://goo.gl/fbAQLP

exports[`Page renders 1`] = `
<div>
  <div
    class="css-0"
  >
    <div
      class="css-gmuwbf"
    >
      <div
        class="css-3qxem8"
      >
        <p>
          TEST
        </p>
        <div
          class="chakra-stack css-untcqu"
        />
      </div>
    </div>
    <div
      class="css-gmuwbf"
    >
      <div
        class="chakra-stack css-esy13k"
      >
        <a
          class="chakra-link css-epvm6"
          href="https://github.com/soul-project/login-portal"
          target="_blank"
        >
          Github
        </a>
        <a
          class="chakra-link css-epvm6"
          href="https://github.com/soul-project/soul"
          target="_blank"
        >
          Soul Network"s Github
        </a>
        <a
          class="chakra-link css-epvm6"
          href="mailto:lws803@gmail.com"
          target="_blank"
        >
          Contact me
        </a>
      </div>
    </div>
  </div>
</div>
`;
