// Jest Snapshot v1, https://goo.gl/fbAQLP

exports[`Form renders 1`] = `
<div>
  <form
    action="#"
  >
    <div
      class="chakra-form-control css-0"
      role="group"
    >
      <label
        class="chakra-form__label css-uvho5g"
        for="email"
        id="field-:r0:-label"
      >
        Email
      </label>
      <input
        aria-label="Email input"
        class="chakra-input css-0"
        id="field-:r0:"
        name="email"
        placeholder="Your email"
        value=""
      />
    </div>
    <div
      class="chakra-form-control css-164r41r"
      role="group"
    >
      <label
        class="chakra-form__label css-uvho5g"
        for="password"
        id="field-:r1:-label"
      >
        Password
      </label>
      <input
        aria-describedby="field-:r1:-helptext"
        aria-label="Password input"
        class="chakra-input css-0"
        id="field-:r1:"
        name="password"
        placeholder="Your password"
        type="password"
        value=""
      />
      <div
        class="chakra-form__helper-text css-0"
        id="field-:r1:-helptext"
      >
        <a
          class="chakra-link css-0"
          href="/request-password-reset"
          target="_blank"
        >
          Forgot password?
        </a>
      </div>
    </div>
    <div
      class="css-164r41r"
    >
      <button
        class="css-y6mgpv"
        type="submit"
      >
        <div
          class="css-tkevr6"
        >
          Login
        </div>
      </button>
    </div>
    <div
      class="css-19ug521"
    >
      <a
        class="chakra-link css-0"
        href="/request-email-verification"
        target="_blank"
      >
        Resend email verification
      </a>
    </div>
  </form>
</div>
`;
