// Jest Snapshot v1, https://goo.gl/fbAQLP

exports[`Form renders 1`] = `
<div>
  <form>
    <div
      class="chakra-form-control css-0"
      role="group"
    >
      <label
        class="chakra-form__label css-uvho5g"
        for="email"
        id="field-1-label"
      >
        Email
      </label>
      <input
        aria-describedby="field-1-helptext"
        aria-label="Email input"
        class="chakra-input css-0"
        id="email"
        name="email"
        value=""
      />
      <div
        class="chakra-form__helper-text css-0"
        id="field-1-helptext"
      >
        We'll never share your email.
      </div>
    </div>
    <div
      class="chakra-form-control css-164r41r"
      role="group"
    >
      <label
        class="chakra-form__label css-uvho5g"
        for="password"
        id="field-2-label"
      >
        Password
      </label>
      <input
        aria-label="Password input"
        class="chakra-input css-0"
        id="password"
        name="password"
        type="password"
        value=""
      />
    </div>
    <div
      class="css-1fhgjcy"
    >
      <a
        class="chakra-link css-0"
        href="/request-password-reset"
      >
        Forgot password?
      </a>
    </div>
    <button
      class="chakra-button css-1bb0bzi"
      type="submit"
    >
      Login
    </button>
  </form>
  <div
    class="chakra-stack css-1apmzls"
  >
    <p>
      Not a member yet?
       
      <a
        class="chakra-link css-0"
        href="/register/?SEARCH"
      >
        <strong>
          Register Now
        </strong>
      </a>
    </p>
    <a
      class="chakra-link css-0"
      href="/request-email-verification"
    >
      Resend email verification
    </a>
  </div>
</div>
`;
