// Jest Snapshot v1, https://goo.gl/fbAQLP

exports[`JoinPlatform renders 1`] = `
<div>
  <div
    class="chakra-stack css-dvtbfj"
  >
    <p
      class="chakra-text css-1uvlqji"
    >
      TEST#1
    </p>
    <button
      aria-label="Join platform button"
      class="css-y6mgpv"
    >
      <div
        class="css-tkevr6"
      >
        Join Platform!
      </div>
    </button>
  </div>
</div>
`;
