// Jest Snapshot v1, https://goo.gl/fbAQLP

exports[`Form renders 1`] = `
<div>
  <form
    action="#"
  >
    <div
      class="chakra-form-control css-0"
      role="group"
    >
      <label
        class="chakra-form__label css-uvho5g"
        for="username"
        id="field-:r0:-label"
      >
        Username
      </label>
      <input
        aria-describedby="field-:r0:-helptext"
        aria-label="Username input"
        class="chakra-input css-0"
        id="field-:r0:"
        name="username"
        placeholder="Your username"
        value=""
      />
      <div
        class="chakra-form__helper-text css-0"
        id="field-:r0:-helptext"
      >
        Choose a unique and awesome username!
      </div>
    </div>
    <div
      class="chakra-form-control css-164r41r"
      role="group"
    >
      <label
        class="chakra-form__label css-uvho5g"
        for="email"
        id="field-:r1:-label"
      >
        Email
      </label>
      <input
        aria-describedby="field-:r1:-helptext"
        aria-label="Email input"
        class="chakra-input css-0"
        id="field-:r1:"
        name="email"
        placeholder="Your email"
        value=""
      />
      <div
        class="chakra-form__helper-text css-0"
        id="field-:r1:-helptext"
      >
        We'll never share your email.
      </div>
    </div>
    <div
      class="chakra-form-control css-164r41r"
      role="group"
    >
      <label
        class="chakra-form__label css-uvho5g"
        for="password"
        id="field-:r2:-label"
      >
        Password
      </label>
      <input
        aria-label="Password input"
        class="chakra-input css-0"
        id="field-:r2:"
        name="password"
        placeholder="Your password"
        type="password"
        value=""
      />
    </div>
    <div
      class="css-164r41r"
    >
      <button
        class="css-y6mgpv"
        type="submit"
      >
        <div
          class="css-tkevr6"
        >
          Register
        </div>
      </button>
    </div>
  </form>
</div>
`;
